╔═══════════════════════════════════════════════════════════════╗
║          Full Benchmark Experiment — 20260524_015005             ║
╚═══════════════════════════════════════════════════════════════╝
  Trials:                  2
  Batch (Phase B/fast):    2000
  Batch (Phase A/no-idx):  500
  Scales override:         100000
  Database target:         all
  Skip generation:         1
  Skip reset:              0
  Skip notebook:           1
  Log file:                logs/run_20260524_015005.log

Data scales: 500_000, 1_000_000, 10_000_000  (per src/cmd/run_benchmarks/main.go)
Phase A (no indexes) runs only at the smallest scale. Phase B (with
indexes) runs at every scale. With tuned MySQL/Postgres buffers, expected
runtime is ~3–5 hours.


[1m[1;33m▶ Step 1/6 — Reset Docker containers (volumes wiped)[0m

time="2026-05-24T01:50:05+02:00" level=warning msg="/Users/kacperko/University/zaawansowane-technologie-baz-danych/docker-compose.yml: the attribute `version` is obsolete, it will be ignored, please remove it to avoid potential confusion"
 Container bench-mysql  Stopping
 Container bench-redis  Stopping
 Container bench-mongo  Stopping
 Container bench-postgres  Stopping
 Container bench-mongo  Stopped
 Container bench-mongo  Removing
 Container bench-mongo  Removed
 Container bench-postgres  Stopped
 Container bench-postgres  Removing
 Container bench-postgres  Removed
 Container bench-redis  Stopped
 Container bench-redis  Removing
 Container bench-redis  Removed
 Container bench-mysql  Stopped
 Container bench-mysql  Removing
 Container bench-mysql  Removed
 Volume zaawansowane-technologie-baz-danych_mysql_data  Removing
 Volume zaawansowane-technologie-baz-danych_redis_data  Removing
 Volume zaawansowane-technologie-baz-danych_mongo_data  Removing
 Network zaawansowane-technologie-baz-danych_default  Removing
 Volume zaawansowane-technologie-baz-danych_postgres_data  Removing
 Volume zaawansowane-technologie-baz-danych_mysql_data  Removed
 Volume zaawansowane-technologie-baz-danych_redis_data  Removed
 Volume zaawansowane-technologie-baz-danych_mongo_data  Removed
 Volume zaawansowane-technologie-baz-danych_postgres_data  Removed
 Network zaawansowane-technologie-baz-danych_default  Removed
time="2026-05-24T01:50:06+02:00" level=warning msg="/Users/kacperko/University/zaawansowane-technologie-baz-danych/docker-compose.yml: the attribute `version` is obsolete, it will be ignored, please remove it to avoid potential confusion"
 Network zaawansowane-technologie-baz-danych_default  Creating
 Network zaawansowane-technologie-baz-danych_default  Created
 Volume zaawansowane-technologie-baz-danych_mysql_data  Creating
 Volume zaawansowane-technologie-baz-danych_mysql_data  Created
 Volume zaawansowane-technologie-baz-danych_postgres_data  Creating
 Volume zaawansowane-technologie-baz-danych_postgres_data  Created
 Volume zaawansowane-technologie-baz-danych_mongo_data  Creating
 Volume zaawansowane-technologie-baz-danych_mongo_data  Created
 Volume zaawansowane-technologie-baz-danych_redis_data  Creating
 Volume zaawansowane-technologie-baz-danych_redis_data  Created
 Container bench-redis  Creating
 Container bench-postgres  Creating
 Container bench-mysql  Creating
 Container bench-mongo  Creating
 Container bench-mysql  Created
 Container bench-mongo  Created
 Container bench-redis  Created
 Container bench-postgres  Created
 Container bench-mongo  Starting
 Container bench-redis  Starting
 Container bench-mysql  Starting
 Container bench-postgres  Starting
 Container bench-postgres  Started
 Container bench-mongo  Started
 Container bench-mysql  Started
 Container bench-redis  Started

[1m[1;33m▶ Step 2/6 — Waiting for databases to become ready[0m

  waiting (1/60): mysql=0 pg=0 mongo=1 redis=1
  waiting (2/60): mysql=0 pg=1 mongo=1 redis=1
[0;32m✓ All four databases reachable.[0m

[1m[1;33m▶ Step 3/6 — Skipped (--skip-gen)[0m


[1m[1;33m▶ Step 4/6 — Build benchmark runner[0m

[0;32m✓ bin/bench built.[0m

[1m[1;33m▶ Step 5/6 — Run benchmark (this is the long phase)[0m

╔════════════════════════════════════════════════════════════╗
║        Database Performance Benchmark Suite               ║
╚════════════════════════════════════════════════════════════╝

Configuration:
  Trials per test:       2
  Batch (Phase B/fast):  2000
  Batch (Phase A/scan):  500
  Target database:       all
  Data scales:           [100000]
  Phase A runs at:       100000 only (smallest scale)


============================================================
Starting MySQL Benchmarks
============================================================
✓ Connected to MySQL

▶ MySQL @ scale=100000
  Phase A: WITHOUT indexes
✓ MySQL tables truncated
  ✓ Loaded 200 rows from queries/categories_sql_insert.sql
  ✓ Loaded 100000 rows from queries/users_sql_insert.sql
  ✓ Loaded 100000 rows from queries/addresses_sql_insert.sql
  ✓ Loaded 100000 rows from queries/products_sql_insert.sql
  ✓ Loaded 100000 rows from queries/orders_sql_insert.sql
  Collecting EXPLAIN plans (with_index=false)...

============================================================
MySQL Benchmark: users - SELECT (batch: 500)
============================================================

Trial 1/2:
  Running 500 queries...
  ✓ Time: 0.65s (1.30 ms/query)
  ✓ QPS: 767.75

Trial 2/2:
  Running 500 queries...
  ✓ Time: 0.65s (1.29 ms/query)
  ✓ QPS: 773.34

📊 Average Results:
  Time: 0.65s
  QPS: 770.55

============================================================
MySQL Benchmark: categories - SELECT (batch: 500)
============================================================

Trial 1/2:
  Running 500 queries...
  ✓ Time: 0.10s (0.20 ms/query)
  ✓ QPS: 4968.52

Trial 2/2:
  Running 500 queries...
  ✓ Time: 0.10s (0.19 ms/query)
  ✓ QPS: 5237.68

📊 Average Results:
  Time: 0.10s
  QPS: 5103.10

============================================================
MySQL Benchmark: products - SELECT (batch: 500)
============================================================

Trial 1/2:
  Running 500 queries...
  ✓ Time: 2.60s (5.19 ms/query)
  ✓ QPS: 192.46

Trial 2/2:
  Running 500 queries...
  ✓ Time: 2.62s (5.23 ms/query)
  ✓ QPS: 191.09

📊 Average Results:
  Time: 2.61s
  QPS: 191.77

============================================================
MySQL Benchmark: addresses - SELECT (batch: 500)
============================================================

Trial 1/2:
  Running 500 queries...
  ✓ Time: 9.97s (19.94 ms/query)
  ✓ QPS: 50.14

Trial 2/2:
  Running 500 queries...
  ✓ Time: 9.94s (19.88 ms/query)
  ✓ QPS: 50.31

📊 Average Results:
  Time: 9.96s
  QPS: 50.22

============================================================
MySQL Benchmark: orders - SELECT (batch: 500)
============================================================

Trial 1/2:
  Running 500 queries...
  ✓ Time: 2.12s (4.24 ms/query)
  ✓ QPS: 235.63

Trial 2/2:
  Running 500 queries...
  ✓ Time: 2.07s (4.14 ms/query)
  ✓ QPS: 241.75

📊 Average Results:
  Time: 2.09s
  QPS: 238.69

============================================================
MySQL Benchmark: users - INSERT (batch: 500)
============================================================

Trial 1/2:
  Running 500 queries...
  ✓ Time: 0.08s (0.16 ms/query)
  ✓ QPS: 6177.55

Trial 2/2:
  Running 500 queries...
  ✓ Time: 0.07s (0.14 ms/query)
  ✓ QPS: 6909.69

📊 Average Results:
  Time: 0.08s
  QPS: 6543.62

============================================================
MySQL Benchmark: categories - INSERT (batch: 500)
============================================================

Trial 1/2:
  Running 500 queries...
  ✓ Time: 0.07s (0.13 ms/query)
  ✓ QPS: 7649.38

Trial 2/2:
  Running 500 queries...
  ✓ Time: 0.06s (0.12 ms/query)
  ✓ QPS: 8273.75

📊 Average Results:
  Time: 0.06s
  QPS: 7961.56

============================================================
MySQL Benchmark: products - INSERT (batch: 500)
============================================================

Trial 1/2:
  Running 500 queries...
  ✓ Time: 0.07s (0.13 ms/query)
  ✓ QPS: 7469.84

Trial 2/2:
  Running 500 queries...
  ✓ Time: 0.06s (0.13 ms/query)
  ✓ QPS: 7904.04

📊 Average Results:
  Time: 0.06s
  QPS: 7686.94

============================================================
MySQL Benchmark: addresses - INSERT (batch: 500)
============================================================

Trial 1/2:
  Running 500 queries...
  ✓ Time: 0.06s (0.12 ms/query)
  ✓ QPS: 8048.27

Trial 2/2:
  Running 500 queries...
  ✓ Time: 0.07s (0.14 ms/query)
  ✓ QPS: 7158.83

📊 Average Results:
  Time: 0.07s
  QPS: 7603.55

============================================================
MySQL Benchmark: orders - INSERT (batch: 500)
============================================================

Trial 1/2:
  Running 500 queries...
  ✓ Time: 0.06s (0.12 ms/query)
  ✓ QPS: 8204.55

Trial 2/2:
  Running 500 queries...
  ✓ Time: 0.06s (0.13 ms/query)
  ✓ QPS: 7905.44

📊 Average Results:
  Time: 0.06s
  QPS: 8055.00

============================================================
MySQL Benchmark: users - UPDATE (batch: 500)
============================================================

Trial 1/2:
  Running 500 queries...
  ✓ Time: 0.43s (0.86 ms/query)
  ✓ QPS: 1165.49

Trial 2/2:
  Running 500 queries...
  ✓ Time: 0.07s (0.14 ms/query)
  ✓ QPS: 7208.99

📊 Average Results:
  Time: 0.25s
  QPS: 4187.24

============================================================
MySQL Benchmark: categories - UPDATE (batch: 500)
============================================================

Trial 1/2:
  Running 500 queries...
  ✓ Time: 0.19s (0.38 ms/query)
  ✓ QPS: 2594.58

Trial 2/2:
  Running 500 queries...
  ✓ Time: 0.07s (0.13 ms/query)
  ✓ QPS: 7536.21

📊 Average Results:
  Time: 0.13s
  QPS: 5065.39

============================================================
MySQL Benchmark: products - UPDATE (batch: 500)
============================================================

Trial 1/2:
  Running 500 queries...
  ✓ Time: 0.38s (0.77 ms/query)
  ✓ QPS: 1303.63

Trial 2/2:
  Running 500 queries...
  ✓ Time: 0.07s (0.13 ms/query)
  ✓ QPS: 7353.40

📊 Average Results:
  Time: 0.23s
  QPS: 4328.51

============================================================
MySQL Benchmark: addresses - UPDATE (batch: 500)
============================================================

Trial 1/2:
  Running 500 queries...
  ✓ Time: 0.40s (0.79 ms/query)
  ✓ QPS: 1260.76

Trial 2/2:
  Running 500 queries...
  ✓ Time: 0.07s (0.13 ms/query)
  ✓ QPS: 7445.00

📊 Average Results:
  Time: 0.23s
  QPS: 4352.88

============================================================
MySQL Benchmark: orders - UPDATE (batch: 500)
============================================================

Trial 1/2:
  Running 500 queries...
  ✓ Time: 0.39s (0.77 ms/query)
  ✓ QPS: 1289.76

Trial 2/2:
  Running 500 queries...
  ✓ Time: 0.06s (0.13 ms/query)
  ✓ QPS: 7794.21

📊 Average Results:
  Time: 0.23s
  QPS: 4541.99

============================================================
MySQL Benchmark: users - DELETE (batch: 500)
============================================================

Trial 1/2:
  Running 500 queries...
  ✓ Time: 0.37s (0.74 ms/query)
  ✓ QPS: 1351.19

Trial 2/2:
  Running 500 queries...
  ✓ Time: 0.06s (0.12 ms/query)
  ✓ QPS: 8465.88

📊 Average Results:
  Time: 0.21s
  QPS: 4908.53

============================================================
MySQL Benchmark: categories - DELETE (batch: 500)
============================================================

Trial 1/2:
  Running 500 queries...
  ✓ Time: 0.20s (0.41 ms/query)
  ✓ QPS: 2447.72

Trial 2/2:
  Running 500 queries...
  ✓ Time: 0.05s (0.11 ms/query)
  ✓ QPS: 9119.03

📊 Average Results:
  Time: 0.13s
  QPS: 5783.37

============================================================
MySQL Benchmark: products - DELETE (batch: 500)
============================================================

Trial 1/2:
  Running 500 queries...
  ✓ Time: 0.39s (0.78 ms/query)
  ✓ QPS: 1282.76

Trial 2/2:
  Running 500 queries...
  ✓ Time: 0.07s (0.13 ms/query)
  ✓ QPS: 7454.93

📊 Average Results:
  Time: 0.23s
  QPS: 4368.84

============================================================
MySQL Benchmark: addresses - DELETE (batch: 500)
============================================================

Trial 1/2:
  Running 500 queries...
  ✓ Time: 0.36s (0.73 ms/query)
  ✓ QPS: 1371.76

Trial 2/2:
  Running 500 queries...
  ✓ Time: 0.07s (0.14 ms/query)
  ✓ QPS: 7293.56

📊 Average Results:
  Time: 0.22s
  QPS: 4332.66

============================================================
MySQL Benchmark: orders - DELETE (batch: 500)
============================================================

Trial 1/2:
  Running 500 queries...
  ✓ Time: 0.38s (0.76 ms/query)
  ✓ QPS: 1307.18

Trial 2/2:
  Running 500 queries...
  ✓ Time: 0.06s (0.12 ms/query)
  ✓ QPS: 7938.37

📊 Average Results:
  Time: 0.22s
  QPS: 4622.77
  Phase B: WITH indexes
✓ MySQL tables truncated
  ✓ Loaded 200 rows from queries/categories_sql_insert.sql
  ✓ Loaded 100000 rows from queries/users_sql_insert.sql
  ✓ Loaded 100000 rows from queries/addresses_sql_insert.sql
  ✓ Loaded 100000 rows from queries/products_sql_insert.sql
  ✓ Loaded 100000 rows from queries/orders_sql_insert.sql
✓ Indexes created (and ANALYZE run)
  Collecting EXPLAIN plans (with_index=true)...

============================================================
MySQL Benchmark: users - SELECT (batch: 2000)
============================================================

Trial 1/2:
  Running 2000 queries...
  ✓ Time: 0.59s (0.29 ms/query)
  ✓ QPS: 3386.90

Trial 2/2:
  Running 2000 queries...
  ✓ Time: 0.58s (0.29 ms/query)
  ✓ QPS: 3431.00

📊 Average Results:
  Time: 0.59s
  QPS: 3408.95

============================================================
MySQL Benchmark: categories - SELECT (batch: 2000)
============================================================

Trial 1/2:
  Running 2000 queries...
  ✓ Time: 0.30s (0.15 ms/query)
  ✓ QPS: 6657.28

Trial 2/2:
  Running 2000 queries...
  ✓ Time: 0.29s (0.14 ms/query)
  ✓ QPS: 6924.44

📊 Average Results:
  Time: 0.29s
  QPS: 6790.86

============================================================
MySQL Benchmark: products - SELECT (batch: 2000)
============================================================

Trial 1/2:
  Running 2000 queries...
  ✓ Time: 0.53s (0.27 ms/query)
  ✓ QPS: 3740.15

Trial 2/2:
  Running 2000 queries...
  ✓ Time: 0.57s (0.28 ms/query)
  ✓ QPS: 3537.34

📊 Average Results:
  Time: 0.55s
  QPS: 3638.74

============================================================
MySQL Benchmark: addresses - SELECT (batch: 2000)
============================================================

Trial 1/2:
  Running 2000 queries...
  ✓ Time: 0.30s (0.15 ms/query)
  ✓ QPS: 6718.03

Trial 2/2:
  Running 2000 queries...
  ✓ Time: 0.30s (0.15 ms/query)
  ✓ QPS: 6761.09

📊 Average Results:
  Time: 0.30s
  QPS: 6739.56

============================================================
MySQL Benchmark: orders - SELECT (batch: 2000)
============================================================

Trial 1/2:
  Running 2000 queries...
  ✓ Time: 0.57s (0.29 ms/query)
  ✓ QPS: 3478.48

Trial 2/2:
  Running 2000 queries...
  ✓ Time: 0.61s (0.31 ms/query)
  ✓ QPS: 3259.92

📊 Average Results:
  Time: 0.59s
  QPS: 3369.20

============================================================
MySQL Benchmark: users - INSERT (batch: 2000)
============================================================

Trial 1/2:
  Running 2000 queries...
  ✓ Time: 0.26s (0.13 ms/query)
  ✓ QPS: 7614.66

Trial 2/2:
  Running 2000 queries...
  ✓ Time: 0.26s (0.13 ms/query)
  ✓ QPS: 7610.24

📊 Average Results:
  Time: 0.26s
  QPS: 7612.45

============================================================
MySQL Benchmark: categories - INSERT (batch: 2000)
============================================================

Trial 1/2:
  Running 2000 queries...
  ✓ Time: 0.26s (0.13 ms/query)
  ✓ QPS: 7618.87

Trial 2/2:
  Running 2000 queries...
  ✓ Time: 0.26s (0.13 ms/query)
  ✓ QPS: 7641.31

📊 Average Results:
  Time: 0.26s
  QPS: 7630.09

============================================================
MySQL Benchmark: products - INSERT (batch: 2000)
============================================================

Trial 1/2:
  Running 2000 queries...
  ✓ Time: 0.25s (0.13 ms/query)
  ✓ QPS: 7873.17

Trial 2/2:
  Running 2000 queries...
  ✓ Time: 0.25s (0.13 ms/query)
  ✓ QPS: 7893.08

📊 Average Results:
  Time: 0.25s
  QPS: 7883.13

============================================================
MySQL Benchmark: addresses - INSERT (batch: 2000)
============================================================

Trial 1/2:
  Running 2000 queries...
  ✓ Time: 0.25s (0.12 ms/query)
  ✓ QPS: 8036.34

Trial 2/2:
  Running 2000 queries...
  ✓ Time: 0.25s (0.12 ms/query)
  ✓ QPS: 8003.03

📊 Average Results:
  Time: 0.25s
  QPS: 8019.69

============================================================
MySQL Benchmark: orders - INSERT (batch: 2000)
============================================================

Trial 1/2:
  Running 2000 queries...
  ✓ Time: 0.24s (0.12 ms/query)
  ✓ QPS: 8280.08

Trial 2/2:
  Running 2000 queries...
  ✓ Time: 0.25s (0.13 ms/query)
  ✓ QPS: 7950.76

📊 Average Results:
  Time: 0.25s
  QPS: 8115.42

============================================================
MySQL Benchmark: users - UPDATE (batch: 2000)
============================================================

Trial 1/2:
  Running 2000 queries...
  ✓ Time: 1.42s (0.71 ms/query)
  ✓ QPS: 1409.17

Trial 2/2:
  Running 2000 queries...
  ✓ Time: 0.27s (0.14 ms/query)
  ✓ QPS: 7380.45

📊 Average Results:
  Time: 0.84s
  QPS: 4394.81

============================================================
MySQL Benchmark: categories - UPDATE (batch: 2000)
============================================================

Trial 1/2:
  Running 2000 queries...
  ✓ Time: 0.37s (0.18 ms/query)
  ✓ QPS: 5391.77

Trial 2/2:
  Running 2000 queries...
  ✓ Time: 0.25s (0.13 ms/query)
  ✓ QPS: 7900.71

📊 Average Results:
  Time: 0.31s
  QPS: 6646.24

============================================================
MySQL Benchmark: products - UPDATE (batch: 2000)
============================================================

Trial 1/2:
  Running 2000 queries...
  ✓ Time: 1.43s (0.72 ms/query)
  ✓ QPS: 1394.91

Trial 2/2:
  Running 2000 queries...
  ✓ Time: 0.26s (0.13 ms/query)
  ✓ QPS: 7747.20

📊 Average Results:
  Time: 0.85s
  QPS: 4571.06

============================================================
MySQL Benchmark: addresses - UPDATE (batch: 2000)
============================================================

Trial 1/2:
  Running 2000 queries...
  ✓ Time: 1.54s (0.77 ms/query)
  ✓ QPS: 1297.31

Trial 2/2:
  Running 2000 queries...
  ✓ Time: 0.24s (0.12 ms/query)
  ✓ QPS: 8393.34

📊 Average Results:
  Time: 0.89s
  QPS: 4845.32

============================================================
MySQL Benchmark: orders - UPDATE (batch: 2000)
============================================================

Trial 1/2:
  Running 2000 queries...
  ✓ Time: 1.40s (0.70 ms/query)
  ✓ QPS: 1426.72

Trial 2/2:
  Running 2000 queries...
  ✓ Time: 0.25s (0.12 ms/query)
  ✓ QPS: 8106.26

📊 Average Results:
  Time: 0.82s
  QPS: 4766.49

============================================================
MySQL Benchmark: users - DELETE (batch: 2000)
============================================================

Trial 1/2:
  Running 2000 queries...
  ✓ Time: 1.43s (0.72 ms/query)
  ✓ QPS: 1393.85

Trial 2/2:
  Running 2000 queries...
  ✓ Time: 0.26s (0.13 ms/query)
  ✓ QPS: 7756.48

📊 Average Results:
  Time: 0.85s
  QPS: 4575.17

============================================================
MySQL Benchmark: categories - DELETE (batch: 2000)
============================================================

Trial 1/2:
  Running 2000 queries...
  ✓ Time: 0.36s (0.18 ms/query)
  ✓ QPS: 5603.35

Trial 2/2:
  Running 2000 queries...
  ✓ Time: 0.24s (0.12 ms/query)
  ✓ QPS: 8240.55

📊 Average Results:
  Time: 0.30s
  QPS: 6921.95

============================================================
MySQL Benchmark: products - DELETE (batch: 2000)
============================================================

Trial 1/2:
  Running 2000 queries...
  ✓ Time: 1.45s (0.72 ms/query)
  ✓ QPS: 1383.77

Trial 2/2:
  Running 2000 queries...
  ✓ Time: 0.25s (0.12 ms/query)
  ✓ QPS: 8157.74

📊 Average Results:
  Time: 0.84s
  QPS: 4770.76

============================================================
MySQL Benchmark: addresses - DELETE (batch: 2000)
============================================================

Trial 1/2:
  Running 2000 queries...
  ✓ Time: 1.61s (0.80 ms/query)
  ✓ QPS: 1246.09

Trial 2/2:
  Running 2000 queries...
  ✓ Time: 0.25s (0.12 ms/query)
  ✓ QPS: 8068.19

📊 Average Results:
  Time: 0.93s
  QPS: 4657.14

============================================================
MySQL Benchmark: orders - DELETE (batch: 2000)
============================================================

Trial 1/2:
  Running 2000 queries...
  ✓ Time: 1.43s (0.72 ms/query)
  ✓ QPS: 1395.22

Trial 2/2:
  Running 2000 queries...
  ✓ Time: 0.24s (0.12 ms/query)
  ✓ QPS: 8360.66

📊 Average Results:
  Time: 0.84s
  QPS: 4877.94
✓ Indexes dropped

============================================================
Starting PostgreSQL Benchmarks
============================================================
✓ Connected to PostgreSQL

▶ PostgreSQL @ scale=100000
  Phase A: WITHOUT indexes
✓ PostgreSQL tables truncated
  ✓ Loaded 200 rows from queries/categories_sql_insert.sql
  ✓ Loaded 100000 rows from queries/users_sql_insert.sql
  ✓ Loaded 100000 rows from queries/addresses_sql_insert.sql
  ✓ Loaded 100000 rows from queries/products_sql_insert.sql
  ✓ Loaded 100000 rows from queries/orders_sql_insert.sql
  Collecting EXPLAIN plans (with_index=false)...

============================================================
PostgreSQL Benchmark: users - SELECT (batch: 500)
============================================================

Trial 1/2:
  Running 500 queries...
  ✓ Time: 0.21s (0.42 ms/query)
  ✓ QPS: 2367.37

Trial 2/2:
  Running 500 queries...
  ✓ Time: 0.22s (0.44 ms/query)
  ✓ QPS: 2270.59

📊 Average Results:
  Time: 0.22s
  QPS: 2318.98

============================================================
PostgreSQL Benchmark: categories - SELECT (batch: 500)
============================================================

Trial 1/2:
  Running 500 queries...
  ✓ Time: 0.07s (0.14 ms/query)
  ✓ QPS: 6885.22

Trial 2/2:
  Running 500 queries...
  ✓ Time: 0.07s (0.15 ms/query)
  ✓ QPS: 6826.79

📊 Average Results:
  Time: 0.07s
  QPS: 6856.00

============================================================
PostgreSQL Benchmark: products - SELECT (batch: 500)
============================================================

Trial 1/2:
  Running 500 queries...
  ✓ Time: 0.37s (0.73 ms/query)
  ✓ QPS: 1364.98

Trial 2/2:
  Running 500 queries...
  ✓ Time: 0.40s (0.80 ms/query)
  ✓ QPS: 1250.89

📊 Average Results:
  Time: 0.38s
  QPS: 1307.94

============================================================
PostgreSQL Benchmark: addresses - SELECT (batch: 500)
============================================================

Trial 1/2:
  Running 500 queries...
  ✓ Time: 1.76s (3.52 ms/query)
  ✓ QPS: 283.65

Trial 2/2:
  Running 500 queries...
  ✓ Time: 1.74s (3.49 ms/query)
  ✓ QPS: 286.54

📊 Average Results:
  Time: 1.75s
  QPS: 285.10

============================================================
PostgreSQL Benchmark: orders - SELECT (batch: 500)
============================================================

Trial 1/2:
  Running 500 queries...
  ✓ Time: 0.38s (0.77 ms/query)
  ✓ QPS: 1301.57

Trial 2/2:
  Running 500 queries...
  ✓ Time: 0.38s (0.77 ms/query)
  ✓ QPS: 1305.30

📊 Average Results:
  Time: 0.38s
  QPS: 1303.43

============================================================
PostgreSQL Benchmark: users - INSERT (batch: 500)
============================================================

Trial 1/2:
  Running 500 queries...
  ✓ Time: 0.08s (0.15 ms/query)
  ✓ QPS: 6517.17

Trial 2/2:
  Running 500 queries...
  ✓ Time: 0.07s (0.14 ms/query)
  ✓ QPS: 6870.64

📊 Average Results:
  Time: 0.07s
  QPS: 6693.91

============================================================
PostgreSQL Benchmark: categories - INSERT (batch: 500)
============================================================

Trial 1/2:
  Running 500 queries...
  ✓ Time: 0.07s (0.14 ms/query)
  ✓ QPS: 7075.35

Trial 2/2:
  Running 500 queries...
  ✓ Time: 0.07s (0.14 ms/query)
  ✓ QPS: 7089.78

📊 Average Results:
  Time: 0.07s
  QPS: 7082.57

============================================================
PostgreSQL Benchmark: products - INSERT (batch: 500)
============================================================

Trial 1/2:
  Running 500 queries...
  ✓ Time: 0.07s (0.14 ms/query)
  ✓ QPS: 7038.92

Trial 2/2:
  Running 500 queries...
  ✓ Time: 0.07s (0.14 ms/query)
  ✓ QPS: 6907.35

📊 Average Results:
  Time: 0.07s
  QPS: 6973.14

============================================================
PostgreSQL Benchmark: addresses - INSERT (batch: 500)
============================================================

Trial 1/2:
  Running 500 queries...
  ✓ Time: 0.07s (0.15 ms/query)
  ✓ QPS: 6818.06

Trial 2/2:
  Running 500 queries...
  ✓ Time: 0.07s (0.15 ms/query)
  ✓ QPS: 6737.48

📊 Average Results:
  Time: 0.07s
  QPS: 6777.77

============================================================
PostgreSQL Benchmark: orders - INSERT (batch: 500)
============================================================

Trial 1/2:
  Running 500 queries...
  ✓ Time: 0.07s (0.14 ms/query)
  ✓ QPS: 7108.22

Trial 2/2:
  Running 500 queries...
  ✓ Time: 0.07s (0.14 ms/query)
  ✓ QPS: 7184.42

📊 Average Results:
  Time: 0.07s
  QPS: 7146.32

============================================================
PostgreSQL Benchmark: users - UPDATE (batch: 500)
============================================================

Trial 1/2:
  Running 500 queries...
  ✓ Time: 0.10s (0.19 ms/query)
  ✓ QPS: 5104.47

Trial 2/2:
  Running 500 queries...
  ✓ Time: 0.09s (0.18 ms/query)
  ✓ QPS: 5541.90

📊 Average Results:
  Time: 0.09s
  QPS: 5323.18

============================================================
PostgreSQL Benchmark: categories - UPDATE (batch: 500)
============================================================

Trial 1/2:
  Running 500 queries...
  ✓ Time: 0.09s (0.18 ms/query)
  ✓ QPS: 5488.90

Trial 2/2:
  Running 500 queries...
  ✓ Time: 0.09s (0.18 ms/query)
  ✓ QPS: 5574.13

📊 Average Results:
  Time: 0.09s
  QPS: 5531.51

============================================================
PostgreSQL Benchmark: products - UPDATE (batch: 500)
============================================================

Trial 1/2:
  Running 500 queries...
  ✓ Time: 0.09s (0.18 ms/query)
  ✓ QPS: 5583.24

Trial 2/2:
  Running 500 queries...
  ✓ Time: 0.09s (0.17 ms/query)
  ✓ QPS: 5780.24

📊 Average Results:
  Time: 0.09s
  QPS: 5681.74

============================================================
PostgreSQL Benchmark: addresses - UPDATE (batch: 500)
============================================================

Trial 1/2:
  Running 500 queries...
  ✓ Time: 0.09s (0.18 ms/query)
  ✓ QPS: 5529.14

Trial 2/2:
  Running 500 queries...
  ✓ Time: 0.09s (0.18 ms/query)
  ✓ QPS: 5651.71

📊 Average Results:
  Time: 0.09s
  QPS: 5590.42

============================================================
PostgreSQL Benchmark: orders - UPDATE (batch: 500)
============================================================

Trial 1/2:
  Running 500 queries...
  ✓ Time: 0.09s (0.18 ms/query)
  ✓ QPS: 5589.19

Trial 2/2:
  Running 500 queries...
  ✓ Time: 0.09s (0.18 ms/query)
  ✓ QPS: 5589.38

📊 Average Results:
  Time: 0.09s
  QPS: 5589.28

============================================================
PostgreSQL Benchmark: users - DELETE (batch: 500)
============================================================

Trial 1/2:
  Running 500 queries...
  ✓ Time: 0.09s (0.17 ms/query)
  ✓ QPS: 5770.47

Trial 2/2:
  Running 500 queries...
  ✓ Time: 0.06s (0.12 ms/query)
  ✓ QPS: 8214.55

📊 Average Results:
  Time: 0.07s
  QPS: 6992.51

============================================================
PostgreSQL Benchmark: categories - DELETE (batch: 500)
============================================================

Trial 1/2:
  Running 500 queries...
  ✓ Time: 0.07s (0.14 ms/query)
  ✓ QPS: 7127.53

Trial 2/2:
  Running 500 queries...
  ✓ Time: 0.07s (0.13 ms/query)
  ✓ QPS: 7410.65

📊 Average Results:
  Time: 0.07s
  QPS: 7269.09

============================================================
PostgreSQL Benchmark: products - DELETE (batch: 500)
============================================================

Trial 1/2:
  Running 500 queries...
  ✓ Time: 0.09s (0.17 ms/query)
  ✓ QPS: 5736.05

Trial 2/2:
  Running 500 queries...
  ✓ Time: 0.06s (0.12 ms/query)
  ✓ QPS: 8437.93

📊 Average Results:
  Time: 0.07s
  QPS: 7086.99

============================================================
PostgreSQL Benchmark: addresses - DELETE (batch: 500)
============================================================

Trial 1/2:
  Running 500 queries...
  ✓ Time: 0.08s (0.15 ms/query)
  ✓ QPS: 6604.94

Trial 2/2:
  Running 500 queries...
  ✓ Time: 0.06s (0.11 ms/query)
  ✓ QPS: 8947.98

📊 Average Results:
  Time: 0.07s
  QPS: 7776.46

============================================================
PostgreSQL Benchmark: orders - DELETE (batch: 500)
============================================================

Trial 1/2:
  Running 500 queries...
  ✓ Time: 0.07s (0.15 ms/query)
  ✓ QPS: 6693.11

Trial 2/2:
  Running 500 queries...
  ✓ Time: 0.06s (0.11 ms/query)
  ✓ QPS: 8948.41

📊 Average Results:
  Time: 0.06s
  QPS: 7820.76
  Phase B: WITH indexes
✓ PostgreSQL tables truncated
  ✓ Loaded 200 rows from queries/categories_sql_insert.sql
  ✓ Loaded 100000 rows from queries/users_sql_insert.sql
  ✓ Loaded 100000 rows from queries/addresses_sql_insert.sql
  ✓ Loaded 100000 rows from queries/products_sql_insert.sql
  ✓ Loaded 100000 rows from queries/orders_sql_insert.sql
✓ Indexes created (and ANALYZE run)
  Collecting EXPLAIN plans (with_index=true)...

============================================================
PostgreSQL Benchmark: users - SELECT (batch: 2000)
============================================================

Trial 1/2:
  Running 2000 queries...
  ✓ Time: 0.72s (0.36 ms/query)
  ✓ QPS: 2760.67

Trial 2/2:
  Running 2000 queries...
  ✓ Time: 0.72s (0.36 ms/query)
  ✓ QPS: 2782.68

📊 Average Results:
  Time: 0.72s
  QPS: 2771.67

============================================================
PostgreSQL Benchmark: categories - SELECT (batch: 2000)
============================================================

Trial 1/2:
  Running 2000 queries...
  ✓ Time: 0.29s (0.14 ms/query)
  ✓ QPS: 6917.39

Trial 2/2:
  Running 2000 queries...
  ✓ Time: 0.28s (0.14 ms/query)
  ✓ QPS: 7139.16

📊 Average Results:
  Time: 0.28s
  QPS: 7028.28

============================================================
PostgreSQL Benchmark: products - SELECT (batch: 2000)
============================================================

Trial 1/2:
  Running 2000 queries...
  ✓ Time: 0.50s (0.25 ms/query)
  ✓ QPS: 3981.35

Trial 2/2:
  Running 2000 queries...
  ✓ Time: 0.51s (0.25 ms/query)
  ✓ QPS: 3955.20

📊 Average Results:
  Time: 0.50s
  QPS: 3968.28

============================================================
PostgreSQL Benchmark: addresses - SELECT (batch: 2000)
============================================================

Trial 1/2:
  Running 2000 queries...
  ✓ Time: 0.30s (0.15 ms/query)
  ✓ QPS: 6772.74

Trial 2/2:
  Running 2000 queries...
  ✓ Time: 0.29s (0.15 ms/query)
  ✓ QPS: 6856.04

📊 Average Results:
  Time: 0.29s
  QPS: 6814.39

============================================================
PostgreSQL Benchmark: orders - SELECT (batch: 2000)
============================================================

Trial 1/2:
  Running 2000 queries...
  ✓ Time: 0.55s (0.27 ms/query)
  ✓ QPS: 3657.06

Trial 2/2:
  Running 2000 queries...
  ✓ Time: 0.56s (0.28 ms/query)
  ✓ QPS: 3542.82

📊 Average Results:
  Time: 0.56s
  QPS: 3599.94

============================================================
PostgreSQL Benchmark: users - INSERT (batch: 2000)
============================================================

Trial 1/2:
  Running 2000 queries...
  ✓ Time: 0.29s (0.14 ms/query)
  ✓ QPS: 6890.47

Trial 2/2:
  Running 2000 queries...
  ✓ Time: 0.28s (0.14 ms/query)
  ✓ QPS: 7083.38

📊 Average Results:
  Time: 0.29s
  QPS: 6986.92

============================================================
PostgreSQL Benchmark: categories - INSERT (batch: 2000)
============================================================

Trial 1/2:
  Running 2000 queries...
  ✓ Time: 0.28s (0.14 ms/query)
  ✓ QPS: 7115.65

Trial 2/2:
  Running 2000 queries...
  ✓ Time: 0.28s (0.14 ms/query)
  ✓ QPS: 7247.10

📊 Average Results:
  Time: 0.28s
  QPS: 7181.37

============================================================
PostgreSQL Benchmark: products - INSERT (batch: 2000)
============================================================

Trial 1/2:
  Running 2000 queries...
  ✓ Time: 0.30s (0.15 ms/query)
  ✓ QPS: 6632.08

Trial 2/2:
  Running 2000 queries...
  ✓ Time: 0.25s (0.13 ms/query)
  ✓ QPS: 7939.18

📊 Average Results:
  Time: 0.28s
  QPS: 7285.63

============================================================
PostgreSQL Benchmark: addresses - INSERT (batch: 2000)
============================================================

Trial 1/2:
  Running 2000 queries...
  ✓ Time: 0.27s (0.14 ms/query)
  ✓ QPS: 7364.12

Trial 2/2:
  Running 2000 queries...
  ✓ Time: 0.29s (0.14 ms/query)
  ✓ QPS: 6961.81

📊 Average Results:
  Time: 0.28s
  QPS: 7162.96

============================================================
PostgreSQL Benchmark: orders - INSERT (batch: 2000)
============================================================

Trial 1/2:
  Running 2000 queries...
  ✓ Time: 0.28s (0.14 ms/query)
  ✓ QPS: 7090.92

Trial 2/2:
  Running 2000 queries...
  ✓ Time: 0.28s (0.14 ms/query)
  ✓ QPS: 7078.35

📊 Average Results:
  Time: 0.28s
  QPS: 7084.63

============================================================
PostgreSQL Benchmark: users - UPDATE (batch: 2000)
============================================================

Trial 1/2:
  Running 2000 queries...
  ✓ Time: 0.37s (0.19 ms/query)
  ✓ QPS: 5366.47

Trial 2/2:
  Running 2000 queries...
  ✓ Time: 0.33s (0.17 ms/query)
  ✓ QPS: 5996.78

📊 Average Results:
  Time: 0.35s
  QPS: 5681.62

============================================================
PostgreSQL Benchmark: categories - UPDATE (batch: 2000)
============================================================

Trial 1/2:
  Running 2000 queries...
  ✓ Time: 0.37s (0.18 ms/query)
  ✓ QPS: 5397.68

Trial 2/2:
  Running 2000 queries...
  ✓ Time: 0.36s (0.18 ms/query)
  ✓ QPS: 5503.72

📊 Average Results:
  Time: 0.37s
  QPS: 5450.70

============================================================
PostgreSQL Benchmark: products - UPDATE (batch: 2000)
============================================================

Trial 1/2:
  Running 2000 queries...
  ✓ Time: 0.36s (0.18 ms/query)
  ✓ QPS: 5598.30

Trial 2/2:
  Running 2000 queries...
  ✓ Time: 0.35s (0.18 ms/query)
  ✓ QPS: 5667.46

📊 Average Results:
  Time: 0.35s
  QPS: 5632.88

============================================================
PostgreSQL Benchmark: addresses - UPDATE (batch: 2000)
============================================================

Trial 1/2:
  Running 2000 queries...
  ✓ Time: 0.34s (0.17 ms/query)
  ✓ QPS: 5928.09

Trial 2/2:
  Running 2000 queries...
  ✓ Time: 0.41s (0.20 ms/query)
  ✓ QPS: 4885.96

📊 Average Results:
  Time: 0.37s
  QPS: 5407.02

============================================================
PostgreSQL Benchmark: orders - UPDATE (batch: 2000)
============================================================

Trial 1/2:
  Running 2000 queries...
  ✓ Time: 0.43s (0.22 ms/query)
  ✓ QPS: 4621.63

Trial 2/2:
  Running 2000 queries...
  ✓ Time: 0.46s (0.23 ms/query)
  ✓ QPS: 4375.74

📊 Average Results:
  Time: 0.44s
  QPS: 4498.69

============================================================
PostgreSQL Benchmark: users - DELETE (batch: 2000)
============================================================

Trial 1/2:
  Running 2000 queries...
  ✓ Time: 0.45s (0.22 ms/query)
  ✓ QPS: 4491.30

Trial 2/2:
  Running 2000 queries...
  ✓ Time: 0.26s (0.13 ms/query)
  ✓ QPS: 7650.65

📊 Average Results:
  Time: 0.35s
  QPS: 6070.98

============================================================
PostgreSQL Benchmark: categories - DELETE (batch: 2000)
============================================================

Trial 1/2:
  Running 2000 queries...
  ✓ Time: 0.28s (0.14 ms/query)
  ✓ QPS: 7069.47

Trial 2/2:
  Running 2000 queries...
  ✓ Time: 0.27s (0.14 ms/query)
  ✓ QPS: 7343.73

📊 Average Results:
  Time: 0.28s
  QPS: 7206.60

============================================================
PostgreSQL Benchmark: products - DELETE (batch: 2000)
============================================================

Trial 1/2:
  Running 2000 queries...
  ✓ Time: 0.35s (0.17 ms/query)
  ✓ QPS: 5715.07

Trial 2/2:
  Running 2000 queries...
  ✓ Time: 0.26s (0.13 ms/query)
  ✓ QPS: 7624.63

📊 Average Results:
  Time: 0.31s
  QPS: 6669.85

============================================================
PostgreSQL Benchmark: addresses - DELETE (batch: 2000)
============================================================

Trial 1/2:
  Running 2000 queries...
  ✓ Time: 0.38s (0.19 ms/query)
  ✓ QPS: 5243.62

Trial 2/2:
  Running 2000 queries...
  ✓ Time: 0.27s (0.14 ms/query)
  ✓ QPS: 7375.85

📊 Average Results:
  Time: 0.33s
  QPS: 6309.73

============================================================
PostgreSQL Benchmark: orders - DELETE (batch: 2000)
============================================================

Trial 1/2:
  Running 2000 queries...
  ✓ Time: 0.31s (0.15 ms/query)
  ✓ QPS: 6504.68

Trial 2/2:
  Running 2000 queries...
  ✓ Time: 0.23s (0.12 ms/query)
  ✓ QPS: 8541.56

📊 Average Results:
  Time: 0.27s
  QPS: 7523.12
✓ Indexes dropped

============================================================
Starting MongoDB Benchmarks
============================================================
✓ Connected to MongoDB

▶ MongoDB @ scale=100000
✓ MongoDB collections dropped
  ✓ Populated users with 100000 docs
  ✓ Populated products with 100000 docs
  ✓ Populated categories with 200 docs
  ✓ Populated orders with 100000 docs
✓ MongoDB indexes created (incl. sparse _bench)

============================================================
MongoDB Benchmark: users - FIND (batch: 2000)
============================================================

Trial 1/2:
  Running 2000 queries...
  ✓ Time: 0.58s (0.29 ms/query)
  ✓ QPS: 3441.08

Trial 2/2:
  Running 2000 queries...
  ✓ Time: 0.55s (0.27 ms/query)
  ✓ QPS: 3639.03

📊 Average Results:
  Time: 0.56s
  QPS: 3540.05

============================================================
MongoDB Benchmark: categories - FIND (batch: 2000)
============================================================

Trial 1/2:
  Running 2000 queries...
  ✓ Time: 0.34s (0.17 ms/query)
  ✓ QPS: 5881.40

Trial 2/2:
  Running 2000 queries...
  ✓ Time: 0.34s (0.17 ms/query)
  ✓ QPS: 5939.14

📊 Average Results:
  Time: 0.34s
  QPS: 5910.27

============================================================
MongoDB Benchmark: products - FIND (batch: 2000)
============================================================

Trial 1/2:
  Running 2000 queries...
  ✓ Time: 0.55s (0.27 ms/query)
  ✓ QPS: 3658.16

Trial 2/2:
  Running 2000 queries...
  ✓ Time: 0.54s (0.27 ms/query)
  ✓ QPS: 3692.04

📊 Average Results:
  Time: 0.54s
  QPS: 3675.10

============================================================
MongoDB Benchmark: users - INSERTONE (batch: 2000)
============================================================

Trial 1/2:
  Running 2000 queries...
  ✓ Time: 0.32s (0.16 ms/query)
  ✓ QPS: 6309.92

Trial 2/2:
  Running 2000 queries...
  ✓ Time: 0.32s (0.16 ms/query)
  ✓ QPS: 6347.32

📊 Average Results:
  Time: 0.32s
  QPS: 6328.62

============================================================
MongoDB Benchmark: categories - INSERTONE (batch: 2000)
============================================================

Trial 1/2:
  Running 2000 queries...
  ✓ Time: 0.31s (0.16 ms/query)
  ✓ QPS: 6360.06

Trial 2/2:
  Running 2000 queries...
  ✓ Time: 0.31s (0.16 ms/query)
  ✓ QPS: 6382.85

📊 Average Results:
  Time: 0.31s
  QPS: 6371.45

============================================================
MongoDB Benchmark: products - INSERTONE (batch: 2000)
============================================================

Trial 1/2:
  Running 2000 queries...
  ✓ Time: 0.31s (0.16 ms/query)
  ✓ QPS: 6363.72

Trial 2/2:
  Running 2000 queries...
  ✓ Time: 0.31s (0.15 ms/query)
  ✓ QPS: 6517.37

📊 Average Results:
  Time: 0.31s
  QPS: 6440.54

============================================================
MongoDB Benchmark: users - UPDATEONE (batch: 2000)
============================================================

Trial 1/2:
  Running 2000 queries...
  ✓ Time: 0.35s (0.17 ms/query)
  ✓ QPS: 5735.43

Trial 2/2:
  Running 2000 queries...
  ✓ Time: 0.36s (0.18 ms/query)
  ✓ QPS: 5600.63

📊 Average Results:
  Time: 0.35s
  QPS: 5668.03

============================================================
MongoDB Benchmark: categories - UPDATEONE (batch: 2000)
============================================================

Trial 1/2:
  Running 2000 queries...
  ✓ Time: 0.34s (0.17 ms/query)
  ✓ QPS: 5821.15

Trial 2/2:
  Running 2000 queries...
  ✓ Time: 0.34s (0.17 ms/query)
  ✓ QPS: 5863.75

📊 Average Results:
  Time: 0.34s
  QPS: 5842.45

============================================================
MongoDB Benchmark: products - UPDATEONE (batch: 2000)
============================================================

Trial 1/2:
  Running 2000 queries...
  ✓ Time: 0.34s (0.17 ms/query)
  ✓ QPS: 5798.77

Trial 2/2:
  Running 2000 queries...
  ✓ Time: 0.34s (0.17 ms/query)
  ✓ QPS: 5826.05

📊 Average Results:
  Time: 0.34s
  QPS: 5812.41

============================================================
MongoDB Benchmark: users - DELETEONE (batch: 2000)
============================================================

Trial 1/2:
  Running 2000 queries...
  ✓ Time: 0.37s (0.18 ms/query)
  ✓ QPS: 5427.62

Trial 2/2:
  Running 2000 queries...
  ✓ Time: 0.36s (0.18 ms/query)
  ✓ QPS: 5570.65

📊 Average Results:
  Time: 0.36s
  QPS: 5499.14

============================================================
MongoDB Benchmark: categories - DELETEONE (batch: 2000)
============================================================

Trial 1/2:
  Running 2000 queries...
  ✓ Time: 0.35s (0.17 ms/query)
  ✓ QPS: 5750.79

Trial 2/2:
  Running 2000 queries...
  ✓ Time: 0.36s (0.18 ms/query)
  ✓ QPS: 5529.43

📊 Average Results:
  Time: 0.35s
  QPS: 5640.11

============================================================
MongoDB Benchmark: products - DELETEONE (batch: 2000)
============================================================

Trial 1/2:
  Running 2000 queries...
  ✓ Time: 0.35s (0.18 ms/query)
  ✓ QPS: 5681.96

Trial 2/2:
  Running 2000 queries...
  ✓ Time: 0.38s (0.19 ms/query)
  ✓ QPS: 5257.78

📊 Average Results:
  Time: 0.37s
  QPS: 5469.87

============================================================
Starting Redis Benchmarks
============================================================
✓ Connected to Redis

▶ Redis @ scale=100000
✓ Redis dataset flushed
  ✓ Loaded 200 keys from queries/categories_redis_set.txt
  ✓ Loaded 100000 keys from queries/users_redis_set.txt
  ✓ Loaded 100000 keys from queries/products_redis_set.txt
  ✓ Loaded 100000 keys from queries/orders_redis_set.txt

============================================================
Redis Benchmark: users - GET (batch: 2000)
============================================================

Trial 1/2:
  Running 2000 queries...
  ✓ Time: 0.22s (0.11 ms/query)
  ✓ QPS: 9097.25

Trial 2/2:
  Running 2000 queries...
  ✓ Time: 0.22s (0.11 ms/query)
  ✓ QPS: 8895.18

📊 Average Results:
  Time: 0.22s
  QPS: 8996.22

============================================================
Redis Benchmark: categories - GET (batch: 2000)
============================================================

Trial 1/2:
  Running 2000 queries...
  ✓ Time: 0.24s (0.12 ms/query)
  ✓ QPS: 8262.25

Trial 2/2:
  Running 2000 queries...
  ✓ Time: 0.25s (0.13 ms/query)
  ✓ QPS: 7949.61

📊 Average Results:
  Time: 0.25s
  QPS: 8105.93

============================================================
Redis Benchmark: products - GET (batch: 2000)
============================================================

Trial 1/2:
  Running 2000 queries...
  ✓ Time: 0.24s (0.12 ms/query)
  ✓ QPS: 8319.51

Trial 2/2:
  Running 2000 queries...
  ✓ Time: 0.24s (0.12 ms/query)
  ✓ QPS: 8164.84

📊 Average Results:
  Time: 0.24s
  QPS: 8242.17

============================================================
Redis Benchmark: orders - GET (batch: 2000)
============================================================

Trial 1/2:
  Running 2000 queries...
  ✓ Time: 0.25s (0.12 ms/query)
  ✓ QPS: 8160.16

Trial 2/2:
  Running 2000 queries...
  ✓ Time: 0.24s (0.12 ms/query)
  ✓ QPS: 8240.74

📊 Average Results:
  Time: 0.24s
  QPS: 8200.45

============================================================
Redis Benchmark: users - SET (batch: 2000)
============================================================

Trial 1/2:
  Running 2000 queries...
  ✓ Time: 0.25s (0.12 ms/query)
  ✓ QPS: 8028.20

Trial 2/2:
  Running 2000 queries...
  ✓ Time: 0.25s (0.12 ms/query)
  ✓ QPS: 8031.81

📊 Average Results:
  Time: 0.25s
  QPS: 8030.01

============================================================
Redis Benchmark: categories - SET (batch: 2000)
============================================================

Trial 1/2:
  Running 2000 queries...
  ✓ Time: 0.25s (0.12 ms/query)
  ✓ QPS: 8027.07

Trial 2/2:
  Running 2000 queries...
  ✓ Time: 0.24s (0.12 ms/query)
  ✓ QPS: 8168.12

📊 Average Results:
  Time: 0.25s
  QPS: 8097.60

============================================================
Redis Benchmark: products - SET (batch: 2000)
============================================================

Trial 1/2:
  Running 2000 queries...
  ✓ Time: 0.24s (0.12 ms/query)
  ✓ QPS: 8406.88

Trial 2/2:
  Running 2000 queries...
  ✓ Time: 0.25s (0.12 ms/query)
  ✓ QPS: 8088.31

📊 Average Results:
  Time: 0.24s
  QPS: 8247.59

============================================================
Redis Benchmark: orders - SET (batch: 2000)
============================================================

Trial 1/2:
  Running 2000 queries...
  ✓ Time: 0.22s (0.11 ms/query)
  ✓ QPS: 9023.91

Trial 2/2:
  Running 2000 queries...
  ✓ Time: 0.24s (0.12 ms/query)
  ✓ QPS: 8498.39

📊 Average Results:
  Time: 0.23s
  QPS: 8761.15

============================================================
Redis Benchmark: users - DEL (batch: 2000)
============================================================

Trial 1/2:
  Running 2000 queries...
  ✓ Time: 0.23s (0.11 ms/query)
  ✓ QPS: 8792.46

Trial 2/2:
  Running 2000 queries...
  ✓ Time: 0.23s (0.12 ms/query)
  ✓ QPS: 8620.04

📊 Average Results:
  Time: 0.23s
  QPS: 8706.25

============================================================
Redis Benchmark: categories - DEL (batch: 2000)
============================================================

Trial 1/2:
  Running 2000 queries...
  ✓ Time: 0.23s (0.12 ms/query)
  ✓ QPS: 8620.87

Trial 2/2:
  Running 2000 queries...
  ✓ Time: 0.23s (0.12 ms/query)
  ✓ QPS: 8565.70

📊 Average Results:
  Time: 0.23s
  QPS: 8593.28

============================================================
Redis Benchmark: products - DEL (batch: 2000)
============================================================

Trial 1/2:
  Running 2000 queries...
  ✓ Time: 0.24s (0.12 ms/query)
  ✓ QPS: 8281.21

Trial 2/2:
  Running 2000 queries...
  ✓ Time: 0.25s (0.12 ms/query)
  ✓ QPS: 8003.76

📊 Average Results:
  Time: 0.24s
  QPS: 8142.49

============================================================
Redis Benchmark: orders - DEL (batch: 2000)
============================================================

Trial 1/2:
  Running 2000 queries...
  ✓ Time: 0.25s (0.12 ms/query)
  ✓ QPS: 8018.34

Trial 2/2:
  Running 2000 queries...
  ✓ Time: 0.24s (0.12 ms/query)
  ✓ QPS: 8300.79

📊 Average Results:
  Time: 0.24s
  QPS: 8159.57

============================================================
Redis Benchmark: users - UPDATE (batch: 2000)
============================================================

Trial 1/2:
  Running 2000 queries...
  ✓ Time: 0.25s (0.12 ms/query)
  ✓ QPS: 8049.14

Trial 2/2:
  Running 2000 queries...
  ✓ Time: 0.24s (0.12 ms/query)
  ✓ QPS: 8201.94

📊 Average Results:
  Time: 0.25s
  QPS: 8125.54

============================================================
Redis Benchmark: categories - UPDATE (batch: 2000)
============================================================

Trial 1/2:
  Running 2000 queries...
  ✓ Time: 0.25s (0.12 ms/query)
  ✓ QPS: 7976.42

Trial 2/2:
  Running 2000 queries...
  ✓ Time: 0.24s (0.12 ms/query)
  ✓ QPS: 8186.48

📊 Average Results:
  Time: 0.25s
  QPS: 8081.45

============================================================
Redis Benchmark: products - UPDATE (batch: 2000)
============================================================

Trial 1/2:
  Running 2000 queries...
  ✓ Time: 0.24s (0.12 ms/query)
  ✓ QPS: 8166.74

Trial 2/2:
  Running 2000 queries...
  ✓ Time: 0.24s (0.12 ms/query)
  ✓ QPS: 8246.76

📊 Average Results:
  Time: 0.24s
  QPS: 8206.75

============================================================
Redis Benchmark: orders - UPDATE (batch: 2000)
============================================================

Trial 1/2:
  Running 2000 queries...
  ✓ Time: 0.24s (0.12 ms/query)
  ✓ QPS: 8168.90

Trial 2/2:
  Running 2000 queries...
  ✓ Time: 0.24s (0.12 ms/query)
  ✓ QPS: 8177.36

📊 Average Results:
  Time: 0.24s
  QPS: 8173.13

============================================================
Saving results...
============================================================
✓ Results saved to results/benchmark_results_20260524_015524.json
✓ Results saved to results/benchmark_results_20260524_015524.csv
✓ Explain plans saved to analysis/explain_plans.md
✓ Explain plans saved to analysis/explain_plans.json

✓ Benchmark completed in 5m11.075727416s
✓ Total tests run: 216
✓ Explain plans collected: 20
[0;32m✓ Benchmark complete: results/benchmark_results_20260524_015524.csv[0m

[1m[1;33m▶ Step 6/6 — Skipped (--skip-notebook)[0m


╔═══════════════════════════════════════════════════════════════╗
║                       Experiment Complete                     ║
╚═══════════════════════════════════════════════════════════════╝
Total runtime: 0h 5m 19s
Results CSV:   results/benchmark_results_20260524_015524.csv
Results JSON:  results/benchmark_results_20260524_015524.json
Charts:        analysis/chart_*.png
Notebook:      analysis/benchmark_analysis.ipynb
Log:           logs/run_20260524_015005.log
